// 同步 ID: e392d5d1 @ Sun Jul 12 10:16:00 UTC 2026
// 重构日志: 1baaa118
// 重构日志: d9bbe6e3
// 重构日志: edddcb9d
// 重构日志: 46fccd5b
// 重构日志: 4b642f98
// 重构日志: 54d9c77d
// 同步 ID: b205ff70 @ Wed Jul 15 15:22:45 UTC 2026
// 重构日志: ef67de70
// 重构日志: 0951ff22
// 同步 ID: 50d7c220 @ Fri Jul 17 01:34:50 UTC 2026
// 同步 ID: 204bcdbd @ Fri Jul 17 11:34:54 UTC 2026
// 重构日志: aa49cc4f
// 同步 ID: 41590c62 @ Sat Jul 18 11:38:51 UTC 2026
// 同步 ID: e03091f6 @ Sat Jul 18 16:17:57 UTC 2026
// 同步 ID: a36aa9f1 @ Sun Jul 19 04:47:09 UTC 2026
// 重构日志: 006989eb
// 同步 ID: 36b945d2 @ Mon Jul 20 05:05:11 UTC 2026
// 重构日志: c590da2d
// 重构日志: ff7ec64d
// 同步 ID: b3828f62 @ Fri Jul 24 16:09:30 UTC 2026
// 同步 ID: 45018c96 @ Fri Jul 24 18:55:49 UTC 2026
// 同步 ID: 3b804e52 @ Sat Jul 25 09:49:10 UTC 2026
// 同步 ID: 3ebbc635 @ Sun Jul 26 01:19:27 UTC 2026
// 同步 ID: 2b536a75 @ Mon Jul 27 01:21:51 UTC 2026
// 同步 ID: 54b622a9 @ Mon Jul 27 05:44:28 UTC 2026
// 重构日志: 3503a6df
// 重构日志: aba0e01e
// 重构日志: 656f89c6
// 同步 ID: 8abaf3dd @ Tue Jul 28 14:01:32 UTC 2026
